// Jest Snapshot v1, https://goo.gl/fbAQLP

exports[`<Header/> renders the UI as expected 1`] = `
<div
  className="home-page"
>
  <div
    className="home-page-top"
  >
    <div
      className="home-left"
    >
      <p>
        <i
          className="fas fa-bookmark"
        />
        Save Your Opinions on any Page You Visit on the Web.
      </p>
      <p>
        <i
          className="fas fa-bookmark"
        />
        Save Your Views on Everything
      </p>
      <p>
        <i
          className="fas fa-bookmark"
        />
        Save What's Important to You
      </p>
    </div>
    <div
      className="home-right"
    >
      <a
        className="options"
        href="/register"
        onClick={[Function]}
      >
        <span
          className="underline"
        >
          Create Account
        </span>
      </a>
      <span>
        or
      </span>
      <a
        className="options"
        href="/login"
        onClick={[Function]}
      >
        <span
          className="underline"
        >
          Login
        </span>
      </a>
    </div>
  </div>
  <div
    className="home-bottom"
  >
    <p>
      To demo Overlays App you may login with:
      <br />
      username: kwill
      <br />
      password: 1@Thinkful
    </p>
  </div>
</div>
`;
