// Jest Snapshot v1, https://goo.gl/fbAQLP

exports[`<NewNote/> renders the UI as expected 1`] = `
Array [
  <h3>
    Make a new Note
  </h3>,
  <form
    className="note-form"
    onSubmit={[Function]}
  >
    <label
      htmlFor="note_title"
      id="note-label"
    >
      Enter Note Title
    </label>
    <input
      aria-label="enter note title"
      aria-required="true"
      className="Input "
      id="note_title"
      name="note_title"
      placeholder="Note Title"
      required={true}
      type="text"
    />
    <label
      htmlFor="note_contents"
      id="note-label"
    >
      Enter Note Content
    </label>
    <textarea
      aria-label="write note contents here"
      aria-required="true"
      className="Textarea "
      name="note_contents"
      placeholder="Enter Note Text"
      required={true}
    />
    <select
      aria-label="select a topic"
      className="Select note-select"
      name="from_topic"
    />
    <button
      aria-label="submit new note"
      className="Button submit-topic-btn"
      type="submit"
    >
      Submit
    </button>
  </form>,
]
`;
